---
source: rustyguard-core/src/lib.rs
expression: response_buf
---
[
    2,
    0,
    0,
    0,
    52,
    74,
    199,
    16,
    27,
    210,
    141,
    82,
    45,
    164,
    59,
    113,
    196,
    58,
    62,
    103,
    43,
    232,
    220,
    253,
    161,
    247,
    97,
    220,
    73,
    83,
    61,
    49,
    20,
    61,
    15,
    159,
    191,
    61,
    60,
    45,
    95,
    213,
    45,
    96,
    23,
    127,
    106,
    18,
    200,
    35,
    96,
    180,
    110,
    234,
    29,
    43,
    109,
    186,
    54,
    96,
    136,
    21,
    38,
    253,
    124,
    198,
    1,
    200,
    102,
    36,
    180,
    145,
    243,
    220,
    56,
    120,
    0,
    0,
    0,
    0,
    0,
    0,
    0,
    0,
    0,
    0,
    0,
    0,
    0,
    0,
    0,
    0,
]
