---
source: rustyguard-core/src/lib.rs
expression: data_msg
---
[
    4,
    0,
    0,
    0,
    52,
    74,
    199,
    16,
    0,
    0,
    0,
    0,
    0,
    0,
    0,
    0,
    58,
    173,
    216,
    51,
    218,
    243,
    28,
    135,
    193,
    137,
    158,
    2,
    124,
    156,
    14,
    18,
    54,
    248,
    81,
    243,
    6,
    107,
    142,
    68,
    19,
    38,
    87,
    16,
    41,
    59,
    96,
    49,
]
