---
source: rustyguard-core/src/lib.rs
expression: data_msg
---
[
    4,
    0,
    0,
    0,
    173,
    102,
    53,
    191,
    0,
    0,
    0,
    0,
    0,
    0,
    0,
    0,
    58,
    114,
    159,
    250,
    223,
    68,
    254,
    13,
    106,
    236,
    32,
    9,
    4,
    198,
    229,
    227,
    150,
    17,
    246,
    191,
    164,
    14,
    12,
    4,
    86,
    228,
    93,
    220,
    87,
    85,
    91,
    58,
]
