---
source: rustyguard-core/src/lib.rs
expression: data_msg
---
[
    4,
    0,
    0,
    0,
    245,
    192,
    13,
    99,
    0,
    0,
    0,
    0,
    0,
    0,
    0,
    0,
    224,
    189,
    30,
    9,
    230,
    29,
    246,
    161,
    15,
    40,
    195,
    119,
    223,
    216,
    130,
    106,
    85,
    54,
    76,
    10,
    48,
    139,
    44,
    76,
    144,
    10,
    54,
    26,
    69,
    91,
    66,
    238,
]
