---
source: rustyguard-crypto/src/lib.rs
expression: "(msg, tag.0)"
---
(
    [
        68,
        138,
        127,
        145,
        137,
        113,
        85,
        38,
        62,
        220,
        220,
        245,
    ],
    [
        187,
        96,
        120,
        192,
        185,
        54,
        3,
        50,
        115,
        139,
        171,
        235,
        32,
        162,
        80,
        55,
    ],
)
