---
source: rustyguard-crypto/src/lib.rs
expression: "(msg, tag.0)"
---
(
    [
        60,
        100,
        72,
        112,
        86,
        93,
        125,
        144,
        95,
        130,
        194,
    ],
    [
        36,
        93,
        18,
        88,
        32,
        131,
        49,
        180,
        19,
        187,
        158,
        180,
        136,
        168,
        138,
        193,
    ],
)
