---
source: rustyguard-crypto/src/lib.rs
expression: init_i.cookie_key
---
[
    206,
    10,
    190,
    84,
    141,
    98,
    61,
    129,
    253,
    61,
    131,
    223,
    177,
    180,
    113,
    12,
    241,
    77,
    250,
    202,
    77,
    111,
    10,
    57,
    108,
    98,
    11,
    52,
    91,
    191,
    210,
    152,
]
