---
source: rustyguard-crypto/src/lib.rs
expression: "(msg, tag.0)"
---
(
    [
        64,
        148,
        120,
        201,
        134,
        6,
        60,
        175,
        50,
        11,
        77,
        75,
        130,
        39,
    ],
    [
        200,
        240,
        176,
        134,
        207,
        205,
        16,
        187,
        220,
        193,
        233,
        43,
        229,
        71,
        17,
        113,
    ],
)
