---
source: rustyguard-crypto/src/lib.rs
expression: "(msg, tag.0)"
---
(
    [
        25,
        33,
        103,
        75,
        110,
        33,
        23,
        13,
        125,
        79,
        135,
        81,
    ],
    [
        166,
        229,
        94,
        49,
        50,
        215,
        57,
        94,
        116,
        70,
        238,
        91,
        166,
        80,
        160,
        128,
    ],
)
