---
source: rustyguard-crypto/src/lib.rs
expression: "(msg, tag.0)"
---
(
    [
        180,
        40,
        162,
        123,
        19,
        176,
        138,
        131,
        113,
        14,
        159,
    ],
    [
        174,
        149,
        133,
        224,
        48,
        6,
        199,
        164,
        50,
        187,
        47,
        127,
        81,
        231,
        126,
        93,
    ],
)
