---
source: rustyguard-crypto/src/lib.rs
expression: "(msg, tag.0)"
---
(
    [
        210,
        75,
        170,
        21,
        193,
        139,
        208,
        178,
        46,
        112,
        24,
        188,
        226,
    ],
    [
        154,
        56,
        201,
        76,
        47,
        6,
        196,
        112,
        113,
        230,
        35,
        251,
        67,
        147,
        127,
        211,
    ],
)
