---
source: rustyguard-crypto/src/lib.rs
expression: "(msg, tag.0)"
---
(
    [
        223,
        142,
        121,
        0,
        240,
        145,
        16,
        55,
        117,
        254,
        178,
        251,
        5,
        216,
    ],
    [
        125,
        118,
        8,
        37,
        92,
        81,
        11,
        67,
        67,
        48,
        234,
        126,
        139,
        218,
        47,
        182,
    ],
)
