---
source: rustyguard-crypto/src/lib.rs
expression: init_i.mac1_key
---
[
    23,
    150,
    155,
    243,
    117,
    36,
    150,
    71,
    106,
    128,
    169,
    252,
    53,
    231,
    14,
    166,
    200,
    231,
    81,
    83,
    244,
    165,
    121,
    182,
    132,
    15,
    165,
    72,
    111,
    101,
    216,
    82,
]
