---
source: src/crypto.rs
expression: "[a, b, c]"
---
[
    [
        117,
        105,
        41,
        207,
        233,
        235,
        98,
        204,
        35,
        211,
        171,
        218,
        22,
        82,
        88,
        22,
        22,
        224,
        14,
        11,
        249,
        108,
        254,
        130,
        63,
        194,
        221,
        207,
        21,
        188,
        224,
        45,
    ],
    [
        18,
        48,
        93,
        121,
        188,
        172,
        44,
        18,
        192,
        129,
        123,
        172,
        65,
        240,
        191,
        56,
        63,
        240,
        175,
        221,
        233,
        108,
        226,
        109,
        174,
        16,
        210,
        243,
        139,
        167,
        42,
        185,
    ],
    [
        198,
        6,
        225,
        67,
        133,
        131,
        138,
        174,
        141,
        80,
        149,
        180,
        89,
        39,
        249,
        213,
        25,
        118,
        211,
        140,
        22,
        159,
        3,
        69,
        134,
        159,
        119,
        13,
        125,
        117,
        60,
        85,
    ],
]
