---
source: rustyguard-crypto/src/lib.rs
expression: "(msg, tag.0)"
---
(
    [
        39,
        158,
        22,
        218,
        215,
        228,
        172,
        133,
        6,
        72,
        87,
        175,
        154,
    ],
    [
        132,
        126,
        138,
        172,
        188,
        153,
        3,
        30,
        88,
        231,
        216,
        39,
        248,
        97,
        52,
        238,
    ],
)
