---
source: src/lib.rs
expression: data_msg
---
[
    4,
    0,
    0,
    0,
    99,
    244,
    111,
    133,
    0,
    0,
    0,
    0,
    0,
    0,
    0,
    0,
    32,
    128,
    128,
    17,
    106,
    175,
    117,
    231,
    245,
    56,
    207,
    252,
    112,
    111,
    111,
    187,
    29,
    237,
    76,
    44,
    198,
    250,
    56,
    151,
    155,
    250,
    71,
    209,
    147,
    122,
    54,
    166,
]
